 
****************************************
Report : power
        -analysis_effort low
Design : tcn_block
Version: X-2025.06-SP4
Date   : Wed Aug 19 12:45:47 2026
****************************************


Library(s) Used:

    sky130_fd_sc_hd__tt_025C_1v80 (File: /afs/glue.umd.edu/home/glue/r/g/rgaffere/home/TCN/pdk/sky130_fd_sc_hd__tt_025C_1v80.db)
    sky130_sram_64byte_1rw1r_32x16_8_TT_1p8V_25C_lib (File: /afs/glue.umd.edu/home/glue/r/g/rgaffere/home/TCN/pdk/sky130_sram_64byte_1rw1r_32x16_8_TT_1p8V_25C.db)
    sky130_sram_1kbyte_1rw1r_32x256_8_TT_1p8V_25C_lib (File: /afs/glue.umd.edu/home/glue/r/g/rgaffere/home/TCN/pdk/sky130_sram_1kbyte_1rw1r_32x256_8_TT_1p8V_25C.db)
    sky130_sram_512byte_1rw1r_32x128_8_TT_1p8V_25C_lib (File: /afs/glue.umd.edu/home/glue/r/g/rgaffere/home/TCN/pdk/sky130_sram_512byte_1rw1r_32x128_8_TT_1p8V_25C.db)
    sky130_sram_256byte_1rw1r_32x64_8_TT_1p8V_25C_lib (File: /afs/glue.umd.edu/home/glue/r/g/rgaffere/home/TCN/pdk/sky130_sram_256byte_1rw1r_32x64_8_TT_1p8V_25C.db)
    sky130_sram_128byte_1rw1r_32x32_8_TT_1p8V_25C_lib (File: /afs/glue.umd.edu/home/glue/r/g/rgaffere/home/TCN/pdk/sky130_sram_128byte_1rw1r_32x32_8_TT_1p8V_25C.db)


Operating Conditions: tt_025C_1v80   Library: sky130_fd_sc_hd__tt_025C_1v80
Wire Load Model Mode: top

Design        Wire Load Model            Library
------------------------------------------------
tcn_block              Small             sky130_fd_sc_hd__tt_025C_1v80


Global Operating Voltage = 1.8  
Power-specific unit information :
    Voltage Units = 1V
    Capacitance Units = 1.000000pf
    Time Units = 1ns
    Dynamic Power Units = 1mW    (derived from V,C,T units)
    Leakage Power Units = 1nW


Attributes
----------
i - Including register clock pin internal power


  Cell Internal Power  = 764.2202 mW   (98%)
  Net Switching Power  =  18.0690 mW    (2%)
                         ---------
Total Dynamic Power    = 782.2892 mW  (100%)

Cell Leakage Power     = 170.1286 uW


                 Internal         Switching           Leakage            Total
Power Group      Power            Power               Power              Power   (   %    )  Attrs
--------------------------------------------------------------------------------------------------
io_pad             0.0000            0.0000            0.0000            0.0000  (   0.00%)
memory           585.2419            0.1452        1.6930e+05          585.5563  (  74.83%)
black_box          0.0000            0.0000            0.0000            0.0000  (   0.00%)
clock_network    163.9755            0.0000            0.0000          163.9755  (  20.96%)  i
register           3.1577            1.2924          217.0385            4.4500  (   0.57%)
sequential         0.0000            0.0000            0.0000            0.0000  (   0.00%)
combinational     11.8540           16.6307          611.5593           28.4862  (   3.64%)
--------------------------------------------------------------------------------------------------
Total            764.2291 mW        18.0683 mW     1.7013e+05 nW       782.4681 mW
1
