 
****************************************
Report : qor
Design : tcn_block
Version: X-2025.06-SP4
Date   : Wed Aug 19 12:45:49 2026
****************************************


  Timing Path Group 'clk'
  -----------------------------------
  Levels of Logic:              24.00
  Critical Path Length:          5.54
  Critical Path Slack:           0.00
  Critical Path Clk Period:      5.88
  Total Negative Slack:          0.00
  No. of Violating Paths:        0.00
  Worst Hold Violation:          0.00
  Total Hold Violation:          0.00
  No. of Hold Violations:        0.00
  -----------------------------------


  Cell Count
  -----------------------------------
  Hierarchical Cell Count:         24
  Hierarchical Port Count:      23865
  Leaf Cell Count:             329473
  Buf/Inv Cell Count:           61112
  Buf Cell Count:                2488
  Inv Cell Count:               58624
  CT Buf/Inv Cell Count:            0
  Combinational Cell Count:    305781
  Sequential Cell Count:        23692
  Macro Count:                      0
  -----------------------------------


  Area
  -----------------------------------
  Combinational Area:  1653763.554912
  Noncombinational Area:
                        493149.207468
  Buf/Inv Area:         233924.344805
  Total Buffer Area:         12877.35
  Total Inverter Area:      221046.99
  Macro/Black Box Area:
                       5305796.710938
  Net Area:                  0.000000
  -----------------------------------
  Cell Area:           7452709.473317
  Design Area:         7452709.473317


  Design Rules
  -----------------------------------
  Total Number of Nets:        358201
  Nets With Violations:           163
  Max Trans Violations:           163
  Max Cap Violations:               0
  -----------------------------------


  Hostname: compute9.eng.umd.edu

  Compile CPU Statistics
  -----------------------------------------
  Resource Sharing:                   26.92
  Logic Optimization:                322.85
  Mapping Optimization:              769.46
  -----------------------------------------
  Overall Compile Time:             1851.93
  Overall Compile Wall Clock Time:  1871.55

  --------------------------------------------------------------------

  Design  WNS: 0.00  TNS: 0.00  Number of Violating Paths: 0


  Design (Hold)  WNS: 0.00  TNS: 0.00  Number of Violating Paths: 0

  --------------------------------------------------------------------


1
